[thecelestialsnft.com/index.html]
[backblue.gif]
[fade.gif]
[index.html]
[thecelestialsnft.com/manifest.webmanifest]
[img1.wsimg.com/isteam/ip/5eeef051-b651-454c-b4a6-6c5d2a4fdd65/FINAL BANNER.jpg]
[thecelestialsnft.com/sw.js]
[thecelestialsnft.com/_https_/storage.googleapis.com/scriptslmt/dist/mint.js___/script_]
[thecelestialsnft.com/_https_/storage.googleapis.com/scriptslmt/dist/mint.css__]
[thecelestialsnft.com/_/www.tickcounter.com/countdown/3140845/the-celestial-apes-minting-countdown_]
[thecelestialsnft.com/_/www.tickcounter.com/_]
[thecelestialsnft.com/_https_/play.idevgames.co.uk/embed/celestial-apes-defenders-_]
[thecelestialsnft.com/_https_/widgets.coingecko.com/coingecko-coin-ticker-widget.js___/script_]
[img1.wsimg.com/blobby/go/5eeef051-b651-454c-b4a6-6c5d2a4fdd65/gpub/f6f71aad19f8fb59/script.js]
[img1.wsimg.com/blobby/go/5eeef051-b651-454c-b4a6-6c5d2a4fdd65/gpub/7b03fa209469c4bf/script.js]
[img1.wsimg.com/tcc/tcc_l.combined.1.0.6.min.js]
[thecelestialsnft.com/index.html]
[thecelestialsnft.com/_https_/storage.googleapis.com/scriptslmt/dist/mint.js___/script_.html]
[thecelestialsnft.com/_https_/storage.googleapis.com/scriptslmt/dist/mint.html]
[thecelestialsnft.com/_/www.tickcounter.com/countdown/3140845/the-celestial-apes-minting-countdown_.html]
[thecelestialsnft.com/_/www.tickcounter.com/_.html]
[thecelestialsnft.com/_https_/play.idevgames.co.uk/embed/celestial-apes-defenders-_.html]
[thecelestialsnft.com/_https_/widgets.coingecko.com/coingecko-coin-ticker-widget.js___/script_.html]
[img1.wsimg.com/poly/v3/polyfill.minb319.js]
[img1.wsimg.com/ceph-p3-01/website-builder-data-prod/static/widgets/UX.4.21.12.js]
[img1.wsimg.com/tcc/tcc_l.combined.1.0.6.min.js]
